// Vitest Snapshot v1, https://vitest.dev/guide/snapshot.html

exports[`Classpage component > renders correctly and matches snapshot 1`] = `
<main
  class="relative flex flex-col justify-center items-center w-full bg-subPage bg-cover bg-center min-h-screen"
>
  <div
    class="absolute inset-0 w-full h-full"
  >
    <div
      class="absolute top-0 left-0 w-full h-[10%] bg-black"
    />
    <div
      class="absolute top-[10%] left-0 w-full h-[10%] bg-gradient-to-b from-black to-black/50"
    />
    <div
      class="absolute top-[20%] left-0 w-full h-[80%] bg-black opacity-50"
    />
  </div>
  <section
    class="py-40 w-3/4 flex flex-col items-center gap-36"
  >
    <section
      class="flex w-full h-30 justify-center items-center text-center z-10 space-x-5"
    >
      <div
        class="flex-1 transition-all duration-300 ease-in-out flex items-center justify-center  "
      >
        <a
          class="w-fit relative group flex  header"
          href="/race"
        >
          Race
          <span
            class=""
          />
        </a>
      </div>
      <div
        class="h-14 w-0.5 bg-customRed"
      />
      <div
        class="flex-1 transition-all duration-300 ease-in-out flex items-center justify-center  "
      >
        <a
          class="w-fit relative group flex  header w-full justify-center"
          href="/class"
        >
          Class
          <span
            class=""
          />
        </a>
      </div>
      <div
        class="h-14 w-0.5 bg-customRed"
      />
      <div
        class="flex-1 transition-all duration-300 ease-in-out flex items-center justify-center  "
      >
        <a
          class="w-fit relative group flex  header w-full justify-center"
          href="/abilityscore"
        >
          Ability scores
          <span
            class=""
          />
        </a>
      </div>
    </section>
    <section
      class="flex flex-col items-center w-full gap-10"
    >
      <section
        class="flex flex-col xl:flex-row xl:h-60 w-full justify-between items-center p-8 xl:p-12 rounded-lg bg-black bg-opacity-90 gap-10"
        style="opacity: 0; transform: translateY(100px);"
      >
        <div
          class="flex flex-col xl:flex-row gap-5 justify-center items-center"
        >
          <img
            alt="Barbarian"
            class="max-w-44 shadow-none"
            src="/project2/src/assets/images/class/barbarian.png"
          />
          <div>
            <h2
              class="sub-header bold"
            >
              Barbarian
            </h2>
            <p
              class="text"
            >
              HP: 
              12
            </p>
            <p
              class="text"
            >
              Skills: 
              [object Object], [object Object]
            </p>
          </div>
        </div>
        <div
          class="w-1/5 flex items-center justify-center xl:justify-end"
        >
          <label
            class="relative block cursor-pointer transform transition-transform"
            style="transform: scale(2);"
          >
            <input
              aria-label="equipment-checkbox"
              name="checkbox"
              type="checkbox"
            />
            <span
              aria-label="checkbox"
              class="absolute top-0 left-0 h-6 w-6 rounded bg-gray-300 transition-all duration-300 "
            />
          </label>
        </div>
      </section>
      <section
        class="flex flex-col xl:flex-row xl:h-60 w-full justify-between items-center p-8 xl:p-12 rounded-lg bg-black bg-opacity-90 gap-10"
        style="opacity: 0; transform: translateY(100px);"
      >
        <div
          class="flex flex-col xl:flex-row gap-5 justify-center items-center"
        >
          <img
            alt="Bard"
            class="max-w-44 shadow-none"
            src="/project2/src/assets/images/class/bard.png"
          />
          <div>
            <h2
              class="sub-header bold"
            >
              Bard
            </h2>
            <p
              class="text"
            >
              HP: 
              8
            </p>
            <p
              class="text"
            >
              Skills: 
              [object Object], [object Object]
            </p>
          </div>
        </div>
        <div
          class="w-1/5 flex items-center justify-center xl:justify-end"
        >
          <label
            class="relative block cursor-pointer transform transition-transform"
            style="transform: scale(2);"
          >
            <input
              aria-label="equipment-checkbox"
              name="checkbox"
              type="checkbox"
            />
            <span
              aria-label="checkbox"
              class="absolute top-0 left-0 h-6 w-6 rounded bg-gray-300 transition-all duration-300 "
            />
          </label>
        </div>
      </section>
    </section>
  </section>
</main>
`;
